// Jest Snapshot v1, https://goo.gl/fbAQLP

exports[`renders configure 1`] = `
<section
  aria-labelledby="tab-CONFIGURE"
  className="App-tabContent coral coral-configure"
  data-testid="current-tab-pane"
  id="tabPane-CONFIGURE"
  role="tabpanel"
>
  <div>
    <div
      className="coral coral-viewerBox"
    >
      <div
        className="UserBoxAuthenticated-text"
      >
        Signed in as
      </div>
      <div
        className="Box-root Flex-root Flex-flex Flex-wrap Flex-alignCenter"
      >
        <div
          className="ConfigureStream-heading"
        >
          Configure this Stream
        </div>
        <div
          className="ConfigureStream-liveUpdates"
        >
          <div>
            <div
              className="CheckBox-root CheckBox-streamBlue"
            >
              <input
                checked={true}
                className="CheckBox-input CheckBox-streamBlue"
                disabled={false}
                id="live.enabled"
                name="live.enabled"
                onBlur={[Function]}
                onChange={[Function]}
                onFocus={[Function]}
                type="checkbox"
                value={true}
              />
              <label
                className="CheckBox-label CheckBox-streamBlue"
                htmlFor="live.enabled"
              >
                <div
                  className="ToggleConfig-title"
                >
                  <div
                    className="ToggleConfig-title"
                  >
                    <span>
                      Enable Live Updates for this Story
                    </span>
                  </div>
                </span>
              </label>
            </div>
            <div
              className="ToggleConfig-details"
            >
              <div
                className="WidthLimitedDescription-root"
              >
                When enabled, the comments will be updated instantly
as new comments and replies are submitted, instead of
requiring a page refresh. You can disable this in the
unusual situation of an article getting so much traffic that the comments are loading slowly.
              </div>
            </div>
          </div>
          <div
            className="ToggleConfig-details"
          >
            <div
              className="CheckBox-root CheckBox-streamBlue"
            >
              <input
                checked={false}
                className="CheckBox-input CheckBox-streamBlue"
                disabled={false}
                id="moderation"
                name="moderation"
                onBlur={[Function]}
                onChange={[Function]}
                onFocus={[Function]}
                type="checkbox"
                value={false}
              />
              <label
                className="CheckBox-label CheckBox-streamBlue"
                htmlFor="moderation"
              >
                <span
                  className="CheckBox-labelSpan"
                >
                  <div
                    className="ToggleConfig-title"
                  >
                    <span>
                      Enable Pre-Moderation
                    </span>
                  </div>
                </span>
              </label>
            </div>
            <div
              className="ToggleConfig-details"
            >
              <div
                className="WidthLimitedDescription-root"
              >
                Moderators must approve any comment before it is published to this story.
              </div>
            </div>
          </div>
          <div>
            <div
              className="CheckBox-root CheckBox-streamBlue"
            >
              <input
                checked={false}
                className="CheckBox-input CheckBox-streamBlue"
                disabled={false}
                id="premodLinksEnable"
                name="premodLinksEnable"
                onBlur={[Function]}
                onChange={[Function]}
                onFocus={[Function]}
                type="checkbox"
                value={false}
              />
              <label
                className="CheckBox-label CheckBox-streamBlue"
                htmlFor="premodLinksEnable"
              >
                <div
                  className="ToggleConfig-title"
                >
                  <div
                    className="ToggleConfig-title"
                  >
                    <span>
                      Pre-Moderate Comments Containing Links
                    </span>
                  </div>
                </span>
              </label>
            </div>
            <div
              className="ToggleConfig-details"
            >
              <div
                className="WidthLimitedDescription-root"
              >
                Moderators must approve any comment that contains a link before it is published to this story.
              </div>
            </div>
          </div>
          <div>
            <div
              className="CheckBox-root CheckBox-streamBlue coral coral-configureMessageBox"
            >
              <input
                checked={false}
                className="CheckBox-input CheckBox-streamBlue"
                disabled={false}
                id="messageBox.enabled"
                name="messageBox.enabled"
                onBlur={[Function]}
                onChange={[Function]}
                onFocus={[Function]}
                type="checkbox"
                value={false}
              />
              <label
                className="CheckBox-label CheckBox-streamBlue"
                htmlFor="messageBox.enabled"
              >
                <span
                  className="CheckBox-labelSpan"
                >
                  <div
                    className="ToggleConfig-title"
                  >
                    <span>
                      Enable Message Box for this Story
                    </span>
                  </div>
                </span>
              </label>
            </div>
            <div
              className="WidthLimitedDescription-root"
            >
              <div
                className="Box-root HorizontalGutter-root HorizontalGutter-oneAndAHalf"
              >
                <div
                  className="WidthLimitedDescription-root"
                >
                  Add a message to the top of the comment box for your readers.
Use this to suggest a discussion topic, ask a question or make
announcements relating to the comments on this story.
                </div>
              </div>
            </div>
          </div>
        </div>
        <button
          className="BaseButton-root Button-base Button-filled Button-textSizeSmall Button-marginSizeSmall Button-colorSecondary Button-disabled Button-upperCase coral coral-configureCommentStream-applyButton"
          data-testid="configure-stream-apply"
          disabled={true}
          onBlur={[Function]}
          onFocus={[Function]}
          onMouseOut={[Function]}
          onMouseOver={[Function]}
          onTouchEnd={[Function]}
          type="submit"
        >
          Update
        </button>
        <div
          className="ConfigureStream-footer"
        />
      </form>
      <hr
        className="HorizontalRule-root"
      />
    </form>
    <hr
      className="HorizontalRule-root"
    />
    <div>
      <div
        className="coral coral-openCommentStream"
      >
        <div
          className="shared-heading"
        >
          Add a message or question
        </div>
        <div
          className="shared-description"
        >
          Add a message to the top of the comment box for your readers. Use this
to pose a topic, ask a question or make announcements relating to this
story.
        </div>
        <button
          className="BaseButton-root Button-base Button-filled Button-fontSizeSmall Button-textAlignCenter Button-fontFamilyPrimary Button-fontWeightPrimaryBold Button-paddingSizeSmall Button-colorSecondary Button-upperCase coral coral-openCommentStream-openButton"
          data-testid="configure-addMessage"
          disabled={false}
          onBlur={[Function]}
          onClick={[Function]}
          onFocus={[Function]}
          onMouseOut={[Function]}
          onMouseOver={[Function]}
          onTouchEnd={[Function]}
          type="button"
        >
          Add message
        </button>
      </div>
      <div
        className="AddMessageContainer-messagesHidden"
      />
    </div>
    <hr
      className="HorizontalRule-root"
    />
    <div
      className="coral coral-openCommentStream"
    >
      <div
        className="DisableLiveUpdates-heading"
      >
        Disable live updates
      </div>
      <div
        className="DisableLiveUpdates-description"
      >
        When disabled, new comments and replies will no longer instantly update
as they are submitted. Commenters will need to refresh the page to see
new comments. We recommend this in the unusual situation of a story
getting so much traffic that the comments are loading slowly.
      </div>
      <button
        className="BaseButton-root Button-base Button-filled Button-fontSizeSmall Button-textAlignCenter Button-fontFamilyPrimary Button-fontWeightPrimaryBold Button-paddingSizeSmall Button-colorSecondary Button-upperCase coral coral-openCommentStream-openButton"
        disabled={false}
        onBlur={[Function]}
        onClick={[Function]}
        onFocus={[Function]}
        onMouseOut={[Function]}
        onMouseOver={[Function]}
        onTouchEnd={[Function]}
        type="button"
      >
        Disable
      </button>
    </div>
    <div
      className="LiveUpdatesConfigContainer-messagesHidden"
    />
    <hr
      className="HorizontalRule-root"
    />
    <div
      className="coral coral-closeCommentStream"
    >
      <div
        className="CloseStream-heading"
      >
        Close comment stream
      </div>
      <div
        className="CloseStream-description"
      >
        This comment stream is currently open. By closing this comment stream,
no new comments may be submitted and all previously submitted comments
will still be displayed.
      </div>
      <button
        className="BaseButton-root Button-base Button-filled Button-fontSizeSmall Button-textAlignCenter Button-fontFamilyPrimary Button-fontWeightPrimaryBold Button-paddingSizeSmall Button-colorNegative Button-upperCase coral coral-closeCommentStream-closeButton"
        disabled={false}
        onBlur={[Function]}
        onClick={[Function]}
        onFocus={[Function]}
        onMouseOut={[Function]}
        onMouseOver={[Function]}
        onTouchEnd={[Function]}
        type="button"
      >
        Close Stream
      </button>
    </div>
    <div
      className="OpenOrCloseStreamContainer-calloutHidden"
    />
  </div>
</section>
`;
